Archive member included to satisfy reference by file (symbol)

d:/lady bug/7.0/toolchain/avr8/avr8-gnu-toolchain/bin/../lib/gcc/avr/5.4.0/../../../../avr/lib/avr51\libm.a(addsf3.o)
                              _glcd.o (__addsf3)
d:/lady bug/7.0/toolchain/avr8/avr8-gnu-toolchain/bin/../lib/gcc/avr/5.4.0/../../../../avr/lib/avr51\libm.a(addsf3x.o)
                              d:/lady bug/7.0/toolchain/avr8/avr8-gnu-toolchain/bin/../lib/gcc/avr/5.4.0/../../../../avr/lib/avr51\libm.a(addsf3.o) (__addsf3x)
d:/lady bug/7.0/toolchain/avr8/avr8-gnu-toolchain/bin/../lib/gcc/avr/5.4.0/../../../../avr/lib/avr51\libm.a(fixunssfsi.o)
                              _glcd.o (__fixunssfsi)
d:/lady bug/7.0/toolchain/avr8/avr8-gnu-toolchain/bin/../lib/gcc/avr/5.4.0/../../../../avr/lib/avr51\libm.a(floatsisf.o)
                              _glcd.o (__floatsisf)
d:/lady bug/7.0/toolchain/avr8/avr8-gnu-toolchain/bin/../lib/gcc/avr/5.4.0/../../../../avr/lib/avr51\libm.a(fp_inf.o)
                              d:/lady bug/7.0/toolchain/avr8/avr8-gnu-toolchain/bin/../lib/gcc/avr/5.4.0/../../../../avr/lib/avr51\libm.a(addsf3x.o) (__fp_inf)
d:/lady bug/7.0/toolchain/avr8/avr8-gnu-toolchain/bin/../lib/gcc/avr/5.4.0/../../../../avr/lib/avr51\libm.a(fp_nan.o)
                              d:/lady bug/7.0/toolchain/avr8/avr8-gnu-toolchain/bin/../lib/gcc/avr/5.4.0/../../../../avr/lib/avr51\libm.a(addsf3x.o) (__fp_nan)
d:/lady bug/7.0/toolchain/avr8/avr8-gnu-toolchain/bin/../lib/gcc/avr/5.4.0/../../../../avr/lib/avr51\libm.a(fp_pscA.o)
                              d:/lady bug/7.0/toolchain/avr8/avr8-gnu-toolchain/bin/../lib/gcc/avr/5.4.0/../../../../avr/lib/avr51\libm.a(addsf3x.o) (__fp_pscA)
d:/lady bug/7.0/toolchain/avr8/avr8-gnu-toolchain/bin/../lib/gcc/avr/5.4.0/../../../../avr/lib/avr51\libm.a(fp_pscB.o)
                              d:/lady bug/7.0/toolchain/avr8/avr8-gnu-toolchain/bin/../lib/gcc/avr/5.4.0/../../../../avr/lib/avr51\libm.a(addsf3x.o) (__fp_pscB)
d:/lady bug/7.0/toolchain/avr8/avr8-gnu-toolchain/bin/../lib/gcc/avr/5.4.0/../../../../avr/lib/avr51\libm.a(fp_round.o)
                              d:/lady bug/7.0/toolchain/avr8/avr8-gnu-toolchain/bin/../lib/gcc/avr/5.4.0/../../../../avr/lib/avr51\libm.a(addsf3.o) (__fp_round)
d:/lady bug/7.0/toolchain/avr8/avr8-gnu-toolchain/bin/../lib/gcc/avr/5.4.0/../../../../avr/lib/avr51\libm.a(fp_split3.o)
                              d:/lady bug/7.0/toolchain/avr8/avr8-gnu-toolchain/bin/../lib/gcc/avr/5.4.0/../../../../avr/lib/avr51\libm.a(addsf3x.o) (__fp_split3)
d:/lady bug/7.0/toolchain/avr8/avr8-gnu-toolchain/bin/../lib/gcc/avr/5.4.0/../../../../avr/lib/avr51\libm.a(fp_zero.o)
                              d:/lady bug/7.0/toolchain/avr8/avr8-gnu-toolchain/bin/../lib/gcc/avr/5.4.0/../../../../avr/lib/avr51\libm.a(addsf3x.o) (__fp_zero)
d:/lady bug/7.0/toolchain/avr8/avr8-gnu-toolchain/bin/../lib/gcc/avr/5.4.0/../../../../avr/lib/avr51\libm.a(sqrt.o)
                              _glcd.o (sqrt)
d:/lady bug/7.0/toolchain/avr8/avr8-gnu-toolchain/bin/../lib/gcc/avr/5.4.0/../../../../avr/lib/avr51\libm.a(fp_mpack.o)
                              d:/lady bug/7.0/toolchain/avr8/avr8-gnu-toolchain/bin/../lib/gcc/avr/5.4.0/../../../../avr/lib/avr51\libm.a(sqrt.o) (__fp_mpack)
d:/lady bug/7.0/toolchain/avr8/avr8-gnu-toolchain/bin/../lib/gcc/avr/5.4.0/../../../../avr/lib/avr51\libm.a(fp_norm2.o)
                              d:/lady bug/7.0/toolchain/avr8/avr8-gnu-toolchain/bin/../lib/gcc/avr/5.4.0/../../../../avr/lib/avr51\libm.a(sqrt.o) (__fp_norm2)
d:/lady bug/7.0/toolchain/avr8/avr8-gnu-toolchain/bin/../lib/gcc/avr/5.4.0/avr51\libgcc.a(_udivmodqi4.o)
                              _glcd.o (__udivmodqi4)
d:/lady bug/7.0/toolchain/avr8/avr8-gnu-toolchain/bin/../lib/gcc/avr/5.4.0/avr51\libgcc.a(_udivmodhi4.o)
                              main_joystick.o (__udivmodhi4)
d:/lady bug/7.0/toolchain/avr8/avr8-gnu-toolchain/bin/../lib/gcc/avr/5.4.0/avr51\libgcc.a(_divmodhi4.o)
                              main_interrupt.o (__divmodhi4)
d:/lady bug/7.0/toolchain/avr8/avr8-gnu-toolchain/bin/../lib/gcc/avr/5.4.0/avr51\libgcc.a(_divmodsi4.o)
                              _uart.o (__divmodsi4)
d:/lady bug/7.0/toolchain/avr8/avr8-gnu-toolchain/bin/../lib/gcc/avr/5.4.0/avr51\libgcc.a(_negsi2.o)
                              d:/lady bug/7.0/toolchain/avr8/avr8-gnu-toolchain/bin/../lib/gcc/avr/5.4.0/avr51\libgcc.a(_divmodsi4.o) (__negsi2)
d:/lady bug/7.0/toolchain/avr8/avr8-gnu-toolchain/bin/../lib/gcc/avr/5.4.0/avr51\libgcc.a(_exit.o)
                              D:/Lady Bug/7.0/Packs/Atmel/ATmega_DFP/2.0.401/gcc/dev/atmega128/avr51/crtatmega128.o (exit)
d:/lady bug/7.0/toolchain/avr8/avr8-gnu-toolchain/bin/../lib/gcc/avr/5.4.0/avr51\libgcc.a(_copy_data.o)
                              main_graphics.o (__do_copy_data)
d:/lady bug/7.0/toolchain/avr8/avr8-gnu-toolchain/bin/../lib/gcc/avr/5.4.0/avr51\libgcc.a(_clear_bss.o)
                              main_interrupt.o (__do_clear_bss)
d:/lady bug/7.0/toolchain/avr8/avr8-gnu-toolchain/bin/../lib/gcc/avr/5.4.0/avr51\libgcc.a(_udivmodsi4.o)
                              d:/lady bug/7.0/toolchain/avr8/avr8-gnu-toolchain/bin/../lib/gcc/avr/5.4.0/avr51\libgcc.a(_divmodsi4.o) (__udivmodsi4)
D:/Lady Bug/7.0/Packs/Atmel/ATmega_DFP/2.0.401/gcc/dev/atmega128/avr51\libatmega128.a(eerd_byte.o)
                              Template.o (eeprom_read_byte)
D:/Lady Bug/7.0/Packs/Atmel/ATmega_DFP/2.0.401/gcc/dev/atmega128/avr51\libatmega128.a(eewr_byte.o)
                              Template.o (eeprom_write_byte)

Allocating common symbols
Common symbol       size              file

xchar               0x1               _glcd.o
ubrr                0x2               _uart.o
d                   0x2               _glcd.o
result              0x1               main_memory.o
ScreenBuffer        0x400             _glcd.o
ychar               0x1               _glcd.o

Discarded input sections

 .data          0x00000000        0x0 D:/Lady Bug/7.0/Packs/Atmel/ATmega_DFP/2.0.401/gcc/dev/atmega128/avr51/crtatmega128.o
 .bss           0x00000000        0x0 D:/Lady Bug/7.0/Packs/Atmel/ATmega_DFP/2.0.401/gcc/dev/atmega128/avr51/crtatmega128.o
 .text          0x00000000        0x0 Main.o
 .data          0x00000000        0x0 Main.o
 .bss           0x00000000        0x0 Main.o
 .text          0x00000000        0x0 main_adc.o
 .data          0x00000000        0x0 main_adc.o
 .bss           0x00000000        0x0 main_adc.o
 .comment       0x00000000       0x31 main_adc.o
 .text          0x00000000        0x0 main_graphics.o
 .data          0x00000000        0x0 main_graphics.o
 .bss           0x00000000        0x0 main_graphics.o
 .text          0x00000000        0x0 main_inline.o
 .data          0x00000000        0x0 main_inline.o
 .bss           0x00000000        0x0 main_inline.o
 .comment       0x00000000       0x31 main_inline.o
 .text          0x00000000        0x0 main_interrupt.o
 .data          0x00000000        0x0 main_interrupt.o
 .bss           0x00000000        0x0 main_interrupt.o
 .text.main_interrupt
                0x00000000       0x18 main_interrupt.o
 .text          0x00000000        0x0 main_joystick.o
 .data          0x00000000        0x0 main_joystick.o
 .bss           0x00000000        0x0 main_joystick.o
 .rodata.str1.1
                0x00000000       0x13 main_joystick.o
 .text.main_joystick
                0x00000000       0x80 main_joystick.o
 .bss.mData_ADC4
                0x00000000        0x2 main_joystick.o
 .bss.mData_ADC3
                0x00000000        0x2 main_joystick.o
 .comment       0x00000000       0x31 main_joystick.o
 .text          0x00000000        0x0 main_memory.o
 .data          0x00000000        0x0 main_memory.o
 .bss           0x00000000        0x0 main_memory.o
 .rodata.str1.1
                0x00000000       0x1d main_memory.o
 .text.main_memory
                0x00000000       0x6c main_memory.o
 .data.lookup   0x00000000        0x7 main_memory.o
 COMMON         0x00000000        0x1 main_memory.o
 .text          0x00000000        0x0 main_motors.o
 .data          0x00000000        0x0 main_motors.o
 .bss           0x00000000        0x0 main_motors.o
 .comment       0x00000000       0x31 main_motors.o
 .text          0x00000000        0x0 main_port.o
 .data          0x00000000        0x0 main_port.o
 .bss           0x00000000        0x0 main_port.o
 .rodata.str1.1
                0x00000000       0x11 main_port.o
 .text.main_port
                0x00000000       0x6e main_port.o
 .comment       0x00000000       0x31 main_port.o
 .text          0x00000000        0x0 main_serial.o
 .data          0x00000000        0x0 main_serial.o
 .bss           0x00000000        0x0 main_serial.o
 .text.main_serial
                0x00000000       0x5c main_serial.o
 .comment       0x00000000       0x31 main_serial.o
 .text          0x00000000        0x0 main_timer.o
 .data          0x00000000        0x0 main_timer.o
 .bss           0x00000000        0x0 main_timer.o
 .rodata.str1.1
                0x00000000       0x11 main_timer.o
 .text.main_timer
                0x00000000       0x52 main_timer.o
 .comment       0x00000000       0x31 main_timer.o
 .text          0x00000000        0x0 Template.o
 .data          0x00000000        0x0 Template.o
 .bss           0x00000000        0x0 Template.o
 .rodata.str1.1
                0x00000000        0xc Template.o
 .text.main_template
                0x00000000       0x58 Template.o
 .data.Dis_Scr3
                0x00000000       0x15 Template.o
 .data.Dis_Scr2
                0x00000000       0x15 Template.o
 .data.Dis_Scr1
                0x00000000       0x15 Template.o
 .data.Dis_Scr_IO_OFF
                0x00000000        0x2 Template.o
 .data.Dis_Scr_IO_ON
                0x00000000        0x2 Template.o
 .bss.Data_ADC4
                0x00000000        0x2 Template.o
 .bss.Data_ADC3
                0x00000000        0x2 Template.o
 .bss.Data_ADC2
                0x00000000        0x2 Template.o
 .bss.Data_ADC0
                0x00000000        0x2 Template.o
 .bss.INT1_DataView
                0x00000000        0x2 Template.o
 .bss.INT0_DataView
                0x00000000        0x2 Template.o
 .bss.Uart1_DataView
                0x00000000        0x2 Template.o
 .text          0x00000000        0x0 _adc.o
 .data          0x00000000        0x0 _adc.o
 .bss           0x00000000        0x0 _adc.o
 .text.Read_Adc_Data
                0x00000000       0x20 _adc.o
 .text          0x00000000        0x0 _buzzer.o
 .data          0x00000000        0x0 _buzzer.o
 .bss           0x00000000        0x0 _buzzer.o
 .text.S_Good   0x00000000       0x18 _buzzer.o
 .text.SError   0x00000000        0xc _buzzer.o
 .text.S_Push1  0x00000000       0x18 _buzzer.o
 .text.S_S1     0x00000000       0x30 _buzzer.o
 .text.S_S2     0x00000000       0x18 _buzzer.o
 .text.S_S3     0x00000000        0xc _buzzer.o
 .text.S_S4     0x00000000       0x24 _buzzer.o
 .text.S_S5     0x00000000       0x18 _buzzer.o
 .text.S_S6     0x00000000       0x24 _buzzer.o
 .text.S_S7     0x00000000       0x18 _buzzer.o
 .text.S_Star   0x00000000       0x54 _buzzer.o
 .text          0x00000000        0x0 _eeprom.o
 .data          0x00000000        0x0 _eeprom.o
 .bss           0x00000000        0x0 _eeprom.o
 .text.In_EEPROM_Write
                0x00000000       0x14 _eeprom.o
 .text.In_EEPROM_Read
                0x00000000        0xe _eeprom.o
 .comment       0x00000000       0x31 _eeprom.o
 .text          0x00000000        0x0 _glcd.o
 .data          0x00000000        0x0 _glcd.o
 .bss           0x00000000        0x0 _glcd.o
 .text.ScreenBuffer_clear
                0x00000000       0x26 _glcd.o
 .text.GLCD_2DigitDecimal
                0x00000000       0x22 _glcd.o
 .text.GLCD_3DigitDecimal
                0x00000000       0x44 _glcd.o
 .text          0x00000000        0x0 _init.o
 .data          0x00000000        0x0 _init.o
 .bss           0x00000000        0x0 _init.o
 .text          0x00000000        0x0 _interrupt.o
 .data          0x00000000        0x0 _interrupt.o
 .bss           0x00000000        0x0 _interrupt.o
 .text          0x00000000        0x0 _port.o
 .data          0x00000000        0x0 _port.o
 .bss           0x00000000        0x0 _port.o
 .text          0x00000000        0x0 _timer2.o
 .data          0x00000000        0x0 _timer2.o
 .bss           0x00000000        0x0 _timer2.o
 .text          0x00000000        0x0 _uart.o
 .data          0x00000000        0x0 _uart.o
 .bss           0x00000000        0x0 _uart.o
 .text.putch_USART1
                0x00000000        0xe _uart.o
 .text.puts_USART1
                0x00000000       0x18 _uart.o
 .text.USART1_putchdecu
                0x00000000       0x70 _uart.o
 .text.USART1_putchuchar
                0x00000000       0x40 _uart.o
 .text.H2C      0x00000000       0x2a _uart.o
 .text.USART1_putchdecs
                0x00000000       0x88 _uart.o
 .text.USART1_putchlongs
                0x00000000      0x11e _uart.o
 .text.USART1_puthex
                0x00000000       0x16 _uart.o
 .rodata.str1.1
                0x00000000       0x1c _uart.o
 .text.Serial_Main
                0x00000000       0x4a _uart.o
 .data.TABLE    0x00000000       0x10 _uart.o
 .data.Tap      0x00000000        0x2 _uart.o
 .data.Enter    0x00000000        0x3 _uart.o
 .bss.Uart1_State
                0x00000000        0x1 _uart.o
 .bss.InputSerialData
                0x00000000        0x1 _uart.o
 .bss.command   0x00000000        0x1 _uart.o
 .text          0x00000000        0x0 d:/lady bug/7.0/toolchain/avr8/avr8-gnu-toolchain/bin/../lib/gcc/avr/5.4.0/../../../../avr/lib/avr51\libm.a(addsf3.o)
 .data          0x00000000        0x0 d:/lady bug/7.0/toolchain/avr8/avr8-gnu-toolchain/bin/../lib/gcc/avr/5.4.0/../../../../avr/lib/avr51\libm.a(addsf3.o)
 .bss           0x00000000        0x0 d:/lady bug/7.0/toolchain/avr8/avr8-gnu-toolchain/bin/../lib/gcc/avr/5.4.0/../../../../avr/lib/avr51\libm.a(addsf3.o)
 .text          0x00000000        0x0 d:/lady bug/7.0/toolchain/avr8/avr8-gnu-toolchain/bin/../lib/gcc/avr/5.4.0/../../../../avr/lib/avr51\libm.a(addsf3x.o)
 .data          0x00000000        0x0 d:/lady bug/7.0/toolchain/avr8/avr8-gnu-toolchain/bin/../lib/gcc/avr/5.4.0/../../../../avr/lib/avr51\libm.a(addsf3x.o)
 .bss           0x00000000        0x0 d:/lady bug/7.0/toolchain/avr8/avr8-gnu-toolchain/bin/../lib/gcc/avr/5.4.0/../../../../avr/lib/avr51\libm.a(addsf3x.o)
 .text          0x00000000        0x0 d:/lady bug/7.0/toolchain/avr8/avr8-gnu-toolchain/bin/../lib/gcc/avr/5.4.0/../../../../avr/lib/avr51\libm.a(fixunssfsi.o)
 .data          0x00000000        0x0 d:/lady bug/7.0/toolchain/avr8/avr8-gnu-toolchain/bin/../lib/gcc/avr/5.4.0/../../../../avr/lib/avr51\libm.a(fixunssfsi.o)
 .bss           0x00000000        0x0 d:/lady bug/7.0/toolchain/avr8/avr8-gnu-toolchain/bin/../lib/gcc/avr/5.4.0/../../../../avr/lib/avr51\libm.a(fixunssfsi.o)
 .text          0x00000000        0x0 d:/lady bug/7.0/toolchain/avr8/avr8-gnu-toolchain/bin/../lib/gcc/avr/5.4.0/../../../../avr/lib/avr51\libm.a(floatsisf.o)
 .data          0x00000000        0x0 d:/lady bug/7.0/toolchain/avr8/avr8-gnu-toolchain/bin/../lib/gcc/avr/5.4.0/../../../../avr/lib/avr51\libm.a(floatsisf.o)
 .bss           0x00000000        0x0 d:/lady bug/7.0/toolchain/avr8/avr8-gnu-toolchain/bin/../lib/gcc/avr/5.4.0/../../../../avr/lib/avr51\libm.a(floatsisf.o)
 .text          0x00000000        0x0 d:/lady bug/7.0/toolchain/avr8/avr8-gnu-toolchain/bin/../lib/gcc/avr/5.4.0/../../../../avr/lib/avr51\libm.a(fp_inf.o)
 .data          0x00000000        0x0 d:/lady bug/7.0/toolchain/avr8/avr8-gnu-toolchain/bin/../lib/gcc/avr/5.4.0/../../../../avr/lib/avr51\libm.a(fp_inf.o)
 .bss           0x00000000        0x0 d:/lady bug/7.0/toolchain/avr8/avr8-gnu-toolchain/bin/../lib/gcc/avr/5.4.0/../../../../avr/lib/avr51\libm.a(fp_inf.o)
 .text          0x00000000        0x0 d:/lady bug/7.0/toolchain/avr8/avr8-gnu-toolchain/bin/../lib/gcc/avr/5.4.0/../../../../avr/lib/avr51\libm.a(fp_nan.o)
 .data          0x00000000        0x0 d:/lady bug/7.0/toolchain/avr8/avr8-gnu-toolchain/bin/../lib/gcc/avr/5.4.0/../../../../avr/lib/avr51\libm.a(fp_nan.o)
 .bss           0x00000000        0x0 d:/lady bug/7.0/toolchain/avr8/avr8-gnu-toolchain/bin/../lib/gcc/avr/5.4.0/../../../../avr/lib/avr51\libm.a(fp_nan.o)
 .text          0x00000000        0x0 d:/lady bug/7.0/toolchain/avr8/avr8-gnu-toolchain/bin/../lib/gcc/avr/5.4.0/../../../../avr/lib/avr51\libm.a(fp_pscA.o)
 .data          0x00000000        0x0 d:/lady bug/7.0/toolchain/avr8/avr8-gnu-toolchain/bin/../lib/gcc/avr/5.4.0/../../../../avr/lib/avr51\libm.a(fp_pscA.o)
 .bss           0x00000000        0x0 d:/lady bug/7.0/toolchain/avr8/avr8-gnu-toolchain/bin/../lib/gcc/avr/5.4.0/../../../../avr/lib/avr51\libm.a(fp_pscA.o)
 .text          0x00000000        0x0 d:/lady bug/7.0/toolchain/avr8/avr8-gnu-toolchain/bin/../lib/gcc/avr/5.4.0/../../../../avr/lib/avr51\libm.a(fp_pscB.o)
 .data          0x00000000        0x0 d:/lady bug/7.0/toolchain/avr8/avr8-gnu-toolchain/bin/../lib/gcc/avr/5.4.0/../../../../avr/lib/avr51\libm.a(fp_pscB.o)
 .bss           0x00000000        0x0 d:/lady bug/7.0/toolchain/avr8/avr8-gnu-toolchain/bin/../lib/gcc/avr/5.4.0/../../../../avr/lib/avr51\libm.a(fp_pscB.o)
 .text          0x00000000        0x0 d:/lady bug/7.0/toolchain/avr8/avr8-gnu-toolchain/bin/../lib/gcc/avr/5.4.0/../../../../avr/lib/avr51\libm.a(fp_round.o)
 .data          0x00000000        0x0 d:/lady bug/7.0/toolchain/avr8/avr8-gnu-toolchain/bin/../lib/gcc/avr/5.4.0/../../../../avr/lib/avr51\libm.a(fp_round.o)
 .bss           0x00000000        0x0 d:/lady bug/7.0/toolchain/avr8/avr8-gnu-toolchain/bin/../lib/gcc/avr/5.4.0/../../../../avr/lib/avr51\libm.a(fp_round.o)
 .text          0x00000000        0x0 d:/lady bug/7.0/toolchain/avr8/avr8-gnu-toolchain/bin/../lib/gcc/avr/5.4.0/../../../../avr/lib/avr51\libm.a(fp_split3.o)
 .data          0x00000000        0x0 d:/lady bug/7.0/toolchain/avr8/avr8-gnu-toolchain/bin/../lib/gcc/avr/5.4.0/../../../../avr/lib/avr51\libm.a(fp_split3.o)
 .bss           0x00000000        0x0 d:/lady bug/7.0/toolchain/avr8/avr8-gnu-toolchain/bin/../lib/gcc/avr/5.4.0/../../../../avr/lib/avr51\libm.a(fp_split3.o)
 .text          0x00000000        0x0 d:/lady bug/7.0/toolchain/avr8/avr8-gnu-toolchain/bin/../lib/gcc/avr/5.4.0/../../../../avr/lib/avr51\libm.a(fp_zero.o)
 .data          0x00000000        0x0 d:/lady bug/7.0/toolchain/avr8/avr8-gnu-toolchain/bin/../lib/gcc/avr/5.4.0/../../../../avr/lib/avr51\libm.a(fp_zero.o)
 .bss           0x00000000        0x0 d:/lady bug/7.0/toolchain/avr8/avr8-gnu-toolchain/bin/../lib/gcc/avr/5.4.0/../../../../avr/lib/avr51\libm.a(fp_zero.o)
 .text          0x00000000        0x0 d:/lady bug/7.0/toolchain/avr8/avr8-gnu-toolchain/bin/../lib/gcc/avr/5.4.0/../../../../avr/lib/avr51\libm.a(sqrt.o)
 .data          0x00000000        0x0 d:/lady bug/7.0/toolchain/avr8/avr8-gnu-toolchain/bin/../lib/gcc/avr/5.4.0/../../../../avr/lib/avr51\libm.a(sqrt.o)
 .bss           0x00000000        0x0 d:/lady bug/7.0/toolchain/avr8/avr8-gnu-toolchain/bin/../lib/gcc/avr/5.4.0/../../../../avr/lib/avr51\libm.a(sqrt.o)
 .text          0x00000000        0x0 d:/lady bug/7.0/toolchain/avr8/avr8-gnu-toolchain/bin/../lib/gcc/avr/5.4.0/../../../../avr/lib/avr51\libm.a(fp_mpack.o)
 .data          0x00000000        0x0 d:/lady bug/7.0/toolchain/avr8/avr8-gnu-toolchain/bin/../lib/gcc/avr/5.4.0/../../../../avr/lib/avr51\libm.a(fp_mpack.o)
 .bss           0x00000000        0x0 d:/lady bug/7.0/toolchain/avr8/avr8-gnu-toolchain/bin/../lib/gcc/avr/5.4.0/../../../../avr/lib/avr51\libm.a(fp_mpack.o)
 .text          0x00000000        0x0 d:/lady bug/7.0/toolchain/avr8/avr8-gnu-toolchain/bin/../lib/gcc/avr/5.4.0/../../../../avr/lib/avr51\libm.a(fp_norm2.o)
 .data          0x00000000        0x0 d:/lady bug/7.0/toolchain/avr8/avr8-gnu-toolchain/bin/../lib/gcc/avr/5.4.0/../../../../avr/lib/avr51\libm.a(fp_norm2.o)
 .bss           0x00000000        0x0 d:/lady bug/7.0/toolchain/avr8/avr8-gnu-toolchain/bin/../lib/gcc/avr/5.4.0/../../../../avr/lib/avr51\libm.a(fp_norm2.o)
 .text          0x00000000        0x0 d:/lady bug/7.0/toolchain/avr8/avr8-gnu-toolchain/bin/../lib/gcc/avr/5.4.0/avr51\libgcc.a(_udivmodqi4.o)
 .data          0x00000000        0x0 d:/lady bug/7.0/toolchain/avr8/avr8-gnu-toolchain/bin/../lib/gcc/avr/5.4.0/avr51\libgcc.a(_udivmodqi4.o)
 .bss           0x00000000        0x0 d:/lady bug/7.0/toolchain/avr8/avr8-gnu-toolchain/bin/../lib/gcc/avr/5.4.0/avr51\libgcc.a(_udivmodqi4.o)
 .text.libgcc.mul
                0x00000000        0x0 d:/lady bug/7.0/toolchain/avr8/avr8-gnu-toolchain/bin/../lib/gcc/avr/5.4.0/avr51\libgcc.a(_udivmodqi4.o)
 .text.libgcc   0x00000000        0x0 d:/lady bug/7.0/toolchain/avr8/avr8-gnu-toolchain/bin/../lib/gcc/avr/5.4.0/avr51\libgcc.a(_udivmodqi4.o)
 .text.libgcc.prologue
                0x00000000        0x0 d:/lady bug/7.0/toolchain/avr8/avr8-gnu-toolchain/bin/../lib/gcc/avr/5.4.0/avr51\libgcc.a(_udivmodqi4.o)
 .text.libgcc.builtins
                0x00000000        0x0 d:/lady bug/7.0/toolchain/avr8/avr8-gnu-toolchain/bin/../lib/gcc/avr/5.4.0/avr51\libgcc.a(_udivmodqi4.o)
 .text.libgcc.fmul
                0x00000000        0x0 d:/lady bug/7.0/toolchain/avr8/avr8-gnu-toolchain/bin/../lib/gcc/avr/5.4.0/avr51\libgcc.a(_udivmodqi4.o)
 .text.libgcc.fixed
                0x00000000        0x0 d:/lady bug/7.0/toolchain/avr8/avr8-gnu-toolchain/bin/../lib/gcc/avr/5.4.0/avr51\libgcc.a(_udivmodqi4.o)
 .text          0x00000000        0x0 d:/lady bug/7.0/toolchain/avr8/avr8-gnu-toolchain/bin/../lib/gcc/avr/5.4.0/avr51\libgcc.a(_udivmodhi4.o)
 .data          0x00000000        0x0 d:/lady bug/7.0/toolchain/avr8/avr8-gnu-toolchain/bin/../lib/gcc/avr/5.4.0/avr51\libgcc.a(_udivmodhi4.o)
 .bss           0x00000000        0x0 d:/lady bug/7.0/toolchain/avr8/avr8-gnu-toolchain/bin/../lib/gcc/avr/5.4.0/avr51\libgcc.a(_udivmodhi4.o)
 .text.libgcc.mul
                0x00000000        0x0 d:/lady bug/7.0/toolchain/avr8/avr8-gnu-toolchain/bin/../lib/gcc/avr/5.4.0/avr51\libgcc.a(_udivmodhi4.o)
 .text.libgcc   0x00000000        0x0 d:/lady bug/7.0/toolchain/avr8/avr8-gnu-toolchain/bin/../lib/gcc/avr/5.4.0/avr51\libgcc.a(_udivmodhi4.o)
 .text.libgcc.prologue
                0x00000000        0x0 d:/lady bug/7.0/toolchain/avr8/avr8-gnu-toolchain/bin/../lib/gcc/avr/5.4.0/avr51\libgcc.a(_udivmodhi4.o)
 .text.libgcc.builtins
                0x00000000        0x0 d:/lady bug/7.0/toolchain/avr8/avr8-gnu-toolchain/bin/../lib/gcc/avr/5.4.0/avr51\libgcc.a(_udivmodhi4.o)
 .text.libgcc.fmul
                0x00000000        0x0 d:/lady bug/7.0/toolchain/avr8/avr8-gnu-toolchain/bin/../lib/gcc/avr/5.4.0/avr51\libgcc.a(_udivmodhi4.o)
 .text.libgcc.fixed
                0x00000000        0x0 d:/lady bug/7.0/toolchain/avr8/avr8-gnu-toolchain/bin/../lib/gcc/avr/5.4.0/avr51\libgcc.a(_udivmodhi4.o)
 .text          0x00000000        0x0 d:/lady bug/7.0/toolchain/avr8/avr8-gnu-toolchain/bin/../lib/gcc/avr/5.4.0/avr51\libgcc.a(_divmodhi4.o)
 .data          0x00000000        0x0 d:/lady bug/7.0/toolchain/avr8/avr8-gnu-toolchain/bin/../lib/gcc/avr/5.4.0/avr51\libgcc.a(_divmodhi4.o)
 .bss           0x00000000        0x0 d:/lady bug/7.0/toolchain/avr8/avr8-gnu-toolchain/bin/../lib/gcc/avr/5.4.0/avr51\libgcc.a(_divmodhi4.o)
 .text.libgcc.mul
                0x00000000        0x0 d:/lady bug/7.0/toolchain/avr8/avr8-gnu-toolchain/bin/../lib/gcc/avr/5.4.0/avr51\libgcc.a(_divmodhi4.o)
 .text.libgcc   0x00000000        0x0 d:/lady bug/7.0/toolchain/avr8/avr8-gnu-toolchain/bin/../lib/gcc/avr/5.4.0/avr51\libgcc.a(_divmodhi4.o)
 .text.libgcc.prologue
                0x00000000        0x0 d:/lady bug/7.0/toolchain/avr8/avr8-gnu-toolchain/bin/../lib/gcc/avr/5.4.0/avr51\libgcc.a(_divmodhi4.o)
 .text.libgcc.builtins
                0x00000000        0x0 d:/lady bug/7.0/toolchain/avr8/avr8-gnu-toolchain/bin/../lib/gcc/avr/5.4.0/avr51\libgcc.a(_divmodhi4.o)
 .text.libgcc.fmul
                0x00000000        0x0 d:/lady bug/7.0/toolchain/avr8/avr8-gnu-toolchain/bin/../lib/gcc/avr/5.4.0/avr51\libgcc.a(_divmodhi4.o)
 .text.libgcc.fixed
                0x00000000        0x0 d:/lady bug/7.0/toolchain/avr8/avr8-gnu-toolchain/bin/../lib/gcc/avr/5.4.0/avr51\libgcc.a(_divmodhi4.o)
 .text          0x00000000        0x0 d:/lady bug/7.0/toolchain/avr8/avr8-gnu-toolchain/bin/../lib/gcc/avr/5.4.0/avr51\libgcc.a(_divmodsi4.o)
 .data          0x00000000        0x0 d:/lady bug/7.0/toolchain/avr8/avr8-gnu-toolchain/bin/../lib/gcc/avr/5.4.0/avr51\libgcc.a(_divmodsi4.o)
 .bss           0x00000000        0x0 d:/lady bug/7.0/toolchain/avr8/avr8-gnu-toolchain/bin/../lib/gcc/avr/5.4.0/avr51\libgcc.a(_divmodsi4.o)
 .text.libgcc.mul
                0x00000000        0x0 d:/lady bug/7.0/toolchain/avr8/avr8-gnu-toolchain/bin/../lib/gcc/avr/5.4.0/avr51\libgcc.a(_divmodsi4.o)
 .text.libgcc.div
                0x00000000       0x2e d:/lady bug/7.0/toolchain/avr8/avr8-gnu-toolchain/bin/../lib/gcc/avr/5.4.0/avr51\libgcc.a(_divmodsi4.o)
 .text.libgcc   0x00000000        0x0 d:/lady bug/7.0/toolchain/avr8/avr8-gnu-toolchain/bin/../lib/gcc/avr/5.4.0/avr51\libgcc.a(_divmodsi4.o)
 .text.libgcc.prologue
                0x00000000        0x0 d:/lady bug/7.0/toolchain/avr8/avr8-gnu-toolchain/bin/../lib/gcc/avr/5.4.0/avr51\libgcc.a(_divmodsi4.o)
 .text.libgcc.builtins
                0x00000000        0x0 d:/lady bug/7.0/toolchain/avr8/avr8-gnu-toolchain/bin/../lib/gcc/avr/5.4.0/avr51\libgcc.a(_divmodsi4.o)
 .text.libgcc.fmul
                0x00000000        0x0 d:/lady bug/7.0/toolchain/avr8/avr8-gnu-toolchain/bin/../lib/gcc/avr/5.4.0/avr51\libgcc.a(_divmodsi4.o)
 .text.libgcc.fixed
                0x00000000        0x0 d:/lady bug/7.0/toolchain/avr8/avr8-gnu-toolchain/bin/../lib/gcc/avr/5.4.0/avr51\libgcc.a(_divmodsi4.o)
 .text          0x00000000        0x0 d:/lady bug/7.0/toolchain/avr8/avr8-gnu-toolchain/bin/../lib/gcc/avr/5.4.0/avr51\libgcc.a(_negsi2.o)
 .data          0x00000000        0x0 d:/lady bug/7.0/toolchain/avr8/avr8-gnu-toolchain/bin/../lib/gcc/avr/5.4.0/avr51\libgcc.a(_negsi2.o)
 .bss           0x00000000        0x0 d:/lady bug/7.0/toolchain/avr8/avr8-gnu-toolchain/bin/../lib/gcc/avr/5.4.0/avr51\libgcc.a(_negsi2.o)
 .text.libgcc.mul
                0x00000000        0x0 d:/lady bug/7.0/toolchain/avr8/avr8-gnu-toolchain/bin/../lib/gcc/avr/5.4.0/avr51\libgcc.a(_negsi2.o)
 .text.libgcc.div
                0x00000000       0x10 d:/lady bug/7.0/toolchain/avr8/avr8-gnu-toolchain/bin/../lib/gcc/avr/5.4.0/avr51\libgcc.a(_negsi2.o)
 .text.libgcc   0x00000000        0x0 d:/lady bug/7.0/toolchain/avr8/avr8-gnu-toolchain/bin/../lib/gcc/avr/5.4.0/avr51\libgcc.a(_negsi2.o)
 .text.libgcc.prologue
                0x00000000        0x0 d:/lady bug/7.0/toolchain/avr8/avr8-gnu-toolchain/bin/../lib/gcc/avr/5.4.0/avr51\libgcc.a(_negsi2.o)
 .text.libgcc.builtins
                0x00000000        0x0 d:/lady bug/7.0/toolchain/avr8/avr8-gnu-toolchain/bin/../lib/gcc/avr/5.4.0/avr51\libgcc.a(_negsi2.o)
 .text.libgcc.fmul
                0x00000000        0x0 d:/lady bug/7.0/toolchain/avr8/avr8-gnu-toolchain/bin/../lib/gcc/avr/5.4.0/avr51\libgcc.a(_negsi2.o)
 .text.libgcc.fixed
                0x00000000        0x0 d:/lady bug/7.0/toolchain/avr8/avr8-gnu-toolchain/bin/../lib/gcc/avr/5.4.0/avr51\libgcc.a(_negsi2.o)
 .text          0x00000000        0x0 d:/lady bug/7.0/toolchain/avr8/avr8-gnu-toolchain/bin/../lib/gcc/avr/5.4.0/avr51\libgcc.a(_exit.o)
 .data          0x00000000        0x0 d:/lady bug/7.0/toolchain/avr8/avr8-gnu-toolchain/bin/../lib/gcc/avr/5.4.0/avr51\libgcc.a(_exit.o)
 .bss           0x00000000        0x0 d:/lady bug/7.0/toolchain/avr8/avr8-gnu-toolchain/bin/../lib/gcc/avr/5.4.0/avr51\libgcc.a(_exit.o)
 .text.libgcc.mul
                0x00000000        0x0 d:/lady bug/7.0/toolchain/avr8/avr8-gnu-toolchain/bin/../lib/gcc/avr/5.4.0/avr51\libgcc.a(_exit.o)
 .text.libgcc.div
                0x00000000        0x0 d:/lady bug/7.0/toolchain/avr8/avr8-gnu-toolchain/bin/../lib/gcc/avr/5.4.0/avr51\libgcc.a(_exit.o)
 .text.libgcc   0x00000000        0x0 d:/lady bug/7.0/toolchain/avr8/avr8-gnu-toolchain/bin/../lib/gcc/avr/5.4.0/avr51\libgcc.a(_exit.o)
 .text.libgcc.prologue
                0x00000000        0x0 d:/lady bug/7.0/toolchain/avr8/avr8-gnu-toolchain/bin/../lib/gcc/avr/5.4.0/avr51\libgcc.a(_exit.o)
 .text.libgcc.builtins
                0x00000000        0x0 d:/lady bug/7.0/toolchain/avr8/avr8-gnu-toolchain/bin/../lib/gcc/avr/5.4.0/avr51\libgcc.a(_exit.o)
 .text.libgcc.fmul
                0x00000000        0x0 d:/lady bug/7.0/toolchain/avr8/avr8-gnu-toolchain/bin/../lib/gcc/avr/5.4.0/avr51\libgcc.a(_exit.o)
 .text.libgcc.fixed
                0x00000000        0x0 d:/lady bug/7.0/toolchain/avr8/avr8-gnu-toolchain/bin/../lib/gcc/avr/5.4.0/avr51\libgcc.a(_exit.o)
 .text          0x00000000        0x0 d:/lady bug/7.0/toolchain/avr8/avr8-gnu-toolchain/bin/../lib/gcc/avr/5.4.0/avr51\libgcc.a(_copy_data.o)
 .data          0x00000000        0x0 d:/lady bug/7.0/toolchain/avr8/avr8-gnu-toolchain/bin/../lib/gcc/avr/5.4.0/avr51\libgcc.a(_copy_data.o)
 .bss           0x00000000        0x0 d:/lady bug/7.0/toolchain/avr8/avr8-gnu-toolchain/bin/../lib/gcc/avr/5.4.0/avr51\libgcc.a(_copy_data.o)
 .text.libgcc.mul
                0x00000000        0x0 d:/lady bug/7.0/toolchain/avr8/avr8-gnu-toolchain/bin/../lib/gcc/avr/5.4.0/avr51\libgcc.a(_copy_data.o)
 .text.libgcc.div
                0x00000000        0x0 d:/lady bug/7.0/toolchain/avr8/avr8-gnu-toolchain/bin/../lib/gcc/avr/5.4.0/avr51\libgcc.a(_copy_data.o)
 .text.libgcc   0x00000000        0x0 d:/lady bug/7.0/toolchain/avr8/avr8-gnu-toolchain/bin/../lib/gcc/avr/5.4.0/avr51\libgcc.a(_copy_data.o)
 .text.libgcc.prologue
                0x00000000        0x0 d:/lady bug/7.0/toolchain/avr8/avr8-gnu-toolchain/bin/../lib/gcc/avr/5.4.0/avr51\libgcc.a(_copy_data.o)
 .text.libgcc.builtins
                0x00000000        0x0 d:/lady bug/7.0/toolchain/avr8/avr8-gnu-toolchain/bin/../lib/gcc/avr/5.4.0/avr51\libgcc.a(_copy_data.o)
 .text.libgcc.fmul
                0x00000000        0x0 d:/lady bug/7.0/toolchain/avr8/avr8-gnu-toolchain/bin/../lib/gcc/avr/5.4.0/avr51\libgcc.a(_copy_data.o)
 .text.libgcc.fixed
                0x00000000        0x0 d:/lady bug/7.0/toolchain/avr8/avr8-gnu-toolchain/bin/../lib/gcc/avr/5.4.0/avr51\libgcc.a(_copy_data.o)
 .text          0x00000000        0x0 d:/lady bug/7.0/toolchain/avr8/avr8-gnu-toolchain/bin/../lib/gcc/avr/5.4.0/avr51\libgcc.a(_clear_bss.o)
 .data          0x00000000        0x0 d:/lady bug/7.0/toolchain/avr8/avr8-gnu-toolchain/bin/../lib/gcc/avr/5.4.0/avr51\libgcc.a(_clear_bss.o)
 .bss           0x00000000        0x0 d:/lady bug/7.0/toolchain/avr8/avr8-gnu-toolchain/bin/../lib/gcc/avr/5.4.0/avr51\libgcc.a(_clear_bss.o)
 .text.libgcc.mul
                0x00000000        0x0 d:/lady bug/7.0/toolchain/avr8/avr8-gnu-toolchain/bin/../lib/gcc/avr/5.4.0/avr51\libgcc.a(_clear_bss.o)
 .text.libgcc.div
                0x00000000        0x0 d:/lady bug/7.0/toolchain/avr8/avr8-gnu-toolchain/bin/../lib/gcc/avr/5.4.0/avr51\libgcc.a(_clear_bss.o)
 .text.libgcc   0x00000000        0x0 d:/lady bug/7.0/toolchain/avr8/avr8-gnu-toolchain/bin/../lib/gcc/avr/5.4.0/avr51\libgcc.a(_clear_bss.o)
 .text.libgcc.prologue
                0x00000000        0x0 d:/lady bug/7.0/toolchain/avr8/avr8-gnu-toolchain/bin/../lib/gcc/avr/5.4.0/avr51\libgcc.a(_clear_bss.o)
 .text.libgcc.builtins
                0x00000000        0x0 d:/lady bug/7.0/toolchain/avr8/avr8-gnu-toolchain/bin/../lib/gcc/avr/5.4.0/avr51\libgcc.a(_clear_bss.o)
 .text.libgcc.fmul
                0x00000000        0x0 d:/lady bug/7.0/toolchain/avr8/avr8-gnu-toolchain/bin/../lib/gcc/avr/5.4.0/avr51\libgcc.a(_clear_bss.o)
 .text.libgcc.fixed
                0x00000000        0x0 d:/lady bug/7.0/toolchain/avr8/avr8-gnu-toolchain/bin/../lib/gcc/avr/5.4.0/avr51\libgcc.a(_clear_bss.o)
 .text          0x00000000        0x0 d:/lady bug/7.0/toolchain/avr8/avr8-gnu-toolchain/bin/../lib/gcc/avr/5.4.0/avr51\libgcc.a(_udivmodsi4.o)
 .data          0x00000000        0x0 d:/lady bug/7.0/toolchain/avr8/avr8-gnu-toolchain/bin/../lib/gcc/avr/5.4.0/avr51\libgcc.a(_udivmodsi4.o)
 .bss           0x00000000        0x0 d:/lady bug/7.0/toolchain/avr8/avr8-gnu-toolchain/bin/../lib/gcc/avr/5.4.0/avr51\libgcc.a(_udivmodsi4.o)
 .text.libgcc.mul
                0x00000000        0x0 d:/lady bug/7.0/toolchain/avr8/avr8-gnu-toolchain/bin/../lib/gcc/avr/5.4.0/avr51\libgcc.a(_udivmodsi4.o)
 .text.libgcc.div
                0x00000000       0x44 d:/lady bug/7.0/toolchain/avr8/avr8-gnu-toolchain/bin/../lib/gcc/avr/5.4.0/avr51\libgcc.a(_udivmodsi4.o)
 .text.libgcc   0x00000000        0x0 d:/lady bug/7.0/toolchain/avr8/avr8-gnu-toolchain/bin/../lib/gcc/avr/5.4.0/avr51\libgcc.a(_udivmodsi4.o)
 .text.libgcc.prologue
                0x00000000        0x0 d:/lady bug/7.0/toolchain/avr8/avr8-gnu-toolchain/bin/../lib/gcc/avr/5.4.0/avr51\libgcc.a(_udivmodsi4.o)
 .text.libgcc.builtins
                0x00000000        0x0 d:/lady bug/7.0/toolchain/avr8/avr8-gnu-toolchain/bin/../lib/gcc/avr/5.4.0/avr51\libgcc.a(_udivmodsi4.o)
 .text.libgcc.fmul
                0x00000000        0x0 d:/lady bug/7.0/toolchain/avr8/avr8-gnu-toolchain/bin/../lib/gcc/avr/5.4.0/avr51\libgcc.a(_udivmodsi4.o)
 .text.libgcc.fixed
                0x00000000        0x0 d:/lady bug/7.0/toolchain/avr8/avr8-gnu-toolchain/bin/../lib/gcc/avr/5.4.0/avr51\libgcc.a(_udivmodsi4.o)
 .text          0x00000000        0x0 D:/Lady Bug/7.0/Packs/Atmel/ATmega_DFP/2.0.401/gcc/dev/atmega128/avr51\libatmega128.a(eerd_byte.o)
 .data          0x00000000        0x0 D:/Lady Bug/7.0/Packs/Atmel/ATmega_DFP/2.0.401/gcc/dev/atmega128/avr51\libatmega128.a(eerd_byte.o)
 .bss           0x00000000        0x0 D:/Lady Bug/7.0/Packs/Atmel/ATmega_DFP/2.0.401/gcc/dev/atmega128/avr51\libatmega128.a(eerd_byte.o)
 .text.avr-libc
                0x00000000       0x10 D:/Lady Bug/7.0/Packs/Atmel/ATmega_DFP/2.0.401/gcc/dev/atmega128/avr51\libatmega128.a(eerd_byte.o)
 .debug_line    0x00000000       0x7a D:/Lady Bug/7.0/Packs/Atmel/ATmega_DFP/2.0.401/gcc/dev/atmega128/avr51\libatmega128.a(eerd_byte.o)
 .debug_info    0x00000000       0x9a D:/Lady Bug/7.0/Packs/Atmel/ATmega_DFP/2.0.401/gcc/dev/atmega128/avr51\libatmega128.a(eerd_byte.o)
 .debug_abbrev  0x00000000       0x14 D:/Lady Bug/7.0/Packs/Atmel/ATmega_DFP/2.0.401/gcc/dev/atmega128/avr51\libatmega128.a(eerd_byte.o)
 .debug_aranges
                0x00000000       0x20 D:/Lady Bug/7.0/Packs/Atmel/ATmega_DFP/2.0.401/gcc/dev/atmega128/avr51\libatmega128.a(eerd_byte.o)
 .text          0x00000000        0x0 D:/Lady Bug/7.0/Packs/Atmel/ATmega_DFP/2.0.401/gcc/dev/atmega128/avr51\libatmega128.a(eewr_byte.o)
 .data          0x00000000        0x0 D:/Lady Bug/7.0/Packs/Atmel/ATmega_DFP/2.0.401/gcc/dev/atmega128/avr51\libatmega128.a(eewr_byte.o)
 .bss           0x00000000        0x0 D:/Lady Bug/7.0/Packs/Atmel/ATmega_DFP/2.0.401/gcc/dev/atmega128/avr51\libatmega128.a(eewr_byte.o)
 .text.avr-libc
                0x00000000       0x1a D:/Lady Bug/7.0/Packs/Atmel/ATmega_DFP/2.0.401/gcc/dev/atmega128/avr51\libatmega128.a(eewr_byte.o)
 .debug_line    0x00000000       0x98 D:/Lady Bug/7.0/Packs/Atmel/ATmega_DFP/2.0.401/gcc/dev/atmega128/avr51\libatmega128.a(eewr_byte.o)
 .debug_info    0x00000000       0x9a D:/Lady Bug/7.0/Packs/Atmel/ATmega_DFP/2.0.401/gcc/dev/atmega128/avr51\libatmega128.a(eewr_byte.o)
 .debug_abbrev  0x00000000       0x14 D:/Lady Bug/7.0/Packs/Atmel/ATmega_DFP/2.0.401/gcc/dev/atmega128/avr51\libatmega128.a(eewr_byte.o)
 .debug_aranges
                0x00000000       0x20 D:/Lady Bug/7.0/Packs/Atmel/ATmega_DFP/2.0.401/gcc/dev/atmega128/avr51\libatmega128.a(eewr_byte.o)

Memory Configuration

Name             Origin             Length             Attributes
text             0x00000000         0x00020000         xr
data             0x00800100         0x00001000         rw !x
eeprom           0x00810000         0x00001000         rw !x
fuse             0x00820000         0x00000003         rw !x
lock             0x00830000         0x00000400         rw !x
signature        0x00840000         0x00000400         rw !x
user_signatures  0x00850000         0x00000400         rw !x
*default*        0x00000000         0xffffffff

Linker script and memory map

Address of section .data set to 0x800100
LOAD D:/Lady Bug/7.0/Packs/Atmel/ATmega_DFP/2.0.401/gcc/dev/atmega128/avr51/crtatmega128.o
LOAD Main.o
LOAD main_adc.o
LOAD main_graphics.o
LOAD main_inline.o
LOAD main_interrupt.o
LOAD main_joystick.o
LOAD main_memory.o
LOAD main_motors.o
LOAD main_port.o
LOAD main_serial.o
LOAD main_timer.o
LOAD Template.o
LOAD _adc.o
LOAD _buzzer.o
LOAD _eeprom.o
LOAD _glcd.o
LOAD _init.o
LOAD _interrupt.o
LOAD _port.o
LOAD _timer2.o
LOAD _uart.o
START GROUP
LOAD d:/lady bug/7.0/toolchain/avr8/avr8-gnu-toolchain/bin/../lib/gcc/avr/5.4.0/../../../../avr/lib/avr51\libm.a
END GROUP
START GROUP
LOAD d:/lady bug/7.0/toolchain/avr8/avr8-gnu-toolchain/bin/../lib/gcc/avr/5.4.0/avr51\libgcc.a
LOAD d:/lady bug/7.0/toolchain/avr8/avr8-gnu-toolchain/bin/../lib/gcc/avr/5.4.0/../../../../avr/lib/avr51\libm.a
LOAD d:/lady bug/7.0/toolchain/avr8/avr8-gnu-toolchain/bin/../lib/gcc/avr/5.4.0/../../../../avr/lib/avr51\libc.a
LOAD D:/Lady Bug/7.0/Packs/Atmel/ATmega_DFP/2.0.401/gcc/dev/atmega128/avr51\libatmega128.a
END GROUP
                0x00000000                __TEXT_REGION_ORIGIN__ = DEFINED (__TEXT_REGION_ORIGIN__)?__TEXT_REGION_ORIGIN__:0x0
                [0x00800100]                __DATA_REGION_ORIGIN__ = DEFINED (__DATA_REGION_ORIGIN__)?__DATA_REGION_ORIGIN__:0x800100
                [0x00020000]                __TEXT_REGION_LENGTH__ = DEFINED (__TEXT_REGION_LENGTH__)?__TEXT_REGION_LENGTH__:0x20000
                [0x00001000]                __DATA_REGION_LENGTH__ = DEFINED (__DATA_REGION_LENGTH__)?__DATA_REGION_LENGTH__:0xff00
                [0x00001000]                __EEPROM_REGION_LENGTH__ = DEFINED (__EEPROM_REGION_LENGTH__)?__EEPROM_REGION_LENGTH__:0x10000
                [0x00000003]                __FUSE_REGION_LENGTH__ = DEFINED (__FUSE_REGION_LENGTH__)?__FUSE_REGION_LENGTH__:0x400
                0x00000400                __LOCK_REGION_LENGTH__ = DEFINED (__LOCK_REGION_LENGTH__)?__LOCK_REGION_LENGTH__:0x400
                0x00000400                __SIGNATURE_REGION_LENGTH__ = DEFINED (__SIGNATURE_REGION_LENGTH__)?__SIGNATURE_REGION_LENGTH__:0x400
                0x00000400                __USER_SIGNATURE_REGION_LENGTH__ = DEFINED (__USER_SIGNATURE_REGION_LENGTH__)?__USER_SIGNATURE_REGION_LENGTH__:0x400

.hash
 *(.hash)

.dynsym
 *(.dynsym)

.dynstr
 *(.dynstr)

.gnu.version
 *(.gnu.version)

.gnu.version_d
 *(.gnu.version_d)

.gnu.version_r
 *(.gnu.version_r)

.rel.init
 *(.rel.init)

.rela.init
 *(.rela.init)

.rel.text
 *(.rel.text)
 *(.rel.text.*)
 *(.rel.gnu.linkonce.t*)

.rela.text
 *(.rela.text)
 *(.rela.text.*)
 *(.rela.gnu.linkonce.t*)

.rel.fini
 *(.rel.fini)

.rela.fini
 *(.rela.fini)

.rel.rodata
 *(.rel.rodata)
 *(.rel.rodata.*)
 *(.rel.gnu.linkonce.r*)

.rela.rodata
 *(.rela.rodata)
 *(.rela.rodata.*)
 *(.rela.gnu.linkonce.r*)

.rel.data
 *(.rel.data)
 *(.rel.data.*)
 *(.rel.gnu.linkonce.d*)

.rela.data
 *(.rela.data)
 *(.rela.data.*)
 *(.rela.gnu.linkonce.d*)

.rel.ctors
 *(.rel.ctors)

.rela.ctors
 *(.rela.ctors)

.rel.dtors
 *(.rel.dtors)

.rela.dtors
 *(.rela.dtors)

.rel.got
 *(.rel.got)

.rela.got
 *(.rela.got)

.rel.bss
 *(.rel.bss)

.rela.bss
 *(.rela.bss)

.rel.plt
 *(.rel.plt)

.rela.plt
 *(.rela.plt)

.text           0x00000000      0xb5e
 *(.vectors)
 .vectors       0x00000000       0x8c D:/Lady Bug/7.0/Packs/Atmel/ATmega_DFP/2.0.401/gcc/dev/atmega128/avr51/crtatmega128.o
                0x00000000                __vector_default
                0x00000000                __vectors
 *(.vectors)
 *(.progmem.gcc*)
                0x0000008c                . = ALIGN (0x2)
                0x0000008c                __trampolines_start = .
 *(.trampolines)
 .trampolines   0x0000008c        0x0 linker stubs
 *(.trampolines*)
                0x0000008c                __trampolines_end = .
 *libprintf_flt.a:*(.progmem.data)
 *libc.a:*(.progmem.data)
 *(.progmem*)
                0x0000008c                . = ALIGN (0x2)
 *(.jumptables)
 *(.jumptables*)
 *(.lowtext)
 *(.lowtext*)
                0x0000008c                __ctors_start = .
 *(.ctors)
                0x0000008c                __ctors_end = .
                0x0000008c                __dtors_start = .
 *(.dtors)
                0x0000008c                __dtors_end = .
 SORT(*)(.ctors)
 SORT(*)(.dtors)
 *(.init0)
 .init0         0x0000008c        0x0 D:/Lady Bug/7.0/Packs/Atmel/ATmega_DFP/2.0.401/gcc/dev/atmega128/avr51/crtatmega128.o
                0x0000008c                __init
 *(.init0)
 *(.init1)
 *(.init1)
 *(.init2)
 .init2         0x0000008c        0xc D:/Lady Bug/7.0/Packs/Atmel/ATmega_DFP/2.0.401/gcc/dev/atmega128/avr51/crtatmega128.o
 *(.init2)
 *(.init3)
 *(.init3)
 *(.init4)
 .init4         0x00000098       0x1a d:/lady bug/7.0/toolchain/avr8/avr8-gnu-toolchain/bin/../lib/gcc/avr/5.4.0/avr51\libgcc.a(_copy_data.o)
                0x00000098                __do_copy_data
 .init4         0x000000b2       0x10 d:/lady bug/7.0/toolchain/avr8/avr8-gnu-toolchain/bin/../lib/gcc/avr/5.4.0/avr51\libgcc.a(_clear_bss.o)
                0x000000b2                __do_clear_bss
 *(.init4)
 *(.init5)
 *(.init5)
 *(.init6)
 *(.init6)
 *(.init7)
 *(.init7)
 *(.init8)
 *(.init8)
 *(.init9)
 .init9         0x000000c2        0x4 D:/Lady Bug/7.0/Packs/Atmel/ATmega_DFP/2.0.401/gcc/dev/atmega128/avr51/crtatmega128.o
 *(.init9)
 *(.text)
 .text          0x000000c6        0x2 D:/Lady Bug/7.0/Packs/Atmel/ATmega_DFP/2.0.401/gcc/dev/atmega128/avr51/crtatmega128.o
                0x000000c6                __vector_22
                0x000000c6                __vector_28
                0x000000c6                __vector_1
                0x000000c6                __vector_32
                0x000000c6                __vector_34
                0x000000c6                __vector_24
                0x000000c6                __vector_12
                0x000000c6                __bad_interrupt
                0x000000c6                __vector_6
                0x000000c6                __vector_31
                0x000000c6                __vector_3
                0x000000c6                __vector_23
                0x000000c6                __vector_30
                0x000000c6                __vector_25
                0x000000c6                __vector_11
                0x000000c6                __vector_13
                0x000000c6                __vector_17
                0x000000c6                __vector_19
                0x000000c6                __vector_7
                0x000000c6                __vector_27
                0x000000c6                __vector_5
                0x000000c6                __vector_33
                0x000000c6                __vector_4
                0x000000c6                __vector_9
                0x000000c6                __vector_2
                0x000000c6                __vector_21
                0x000000c6                __vector_29
                0x000000c6                __vector_8
                0x000000c6                __vector_26
                0x000000c6                __vector_14
                0x000000c6                __vector_16
                0x000000c6                __vector_18
                0x000000c6                __vector_20
                0x000000c8                . = ALIGN (0x2)
 *(.text.*)
 .text.startup.main
                0x000000c8        0x8 Main.o
                0x000000c8                main
 .text.main_graphics
                0x000000d0       0x66 main_graphics.o
                0x000000d0                main_graphics
 .text.__vector_15
                0x00000136       0x5a main_interrupt.o
                0x00000136                __vector_15
 .text.Adc_init
                0x00000190        0xe _adc.o
                0x00000190                Adc_init
 .text.delay_us_Melody
                0x0000019e       0x1a _buzzer.o
                0x0000019e                delay_us_Melody
 .text.Sound    0x000001b8       0x50 _buzzer.o
                0x000001b8                Sound
 .text.S_Start  0x00000208       0x50 _buzzer.o
                0x00000208                S_Start
 .text.cmndl    0x00000258       0x16 _glcd.o
                0x00000258                cmndl
 .text.cmndr    0x0000026e       0x16 _glcd.o
                0x0000026e                cmndr
 .text.cmnda    0x00000284       0x16 _glcd.o
                0x00000284                cmnda
 .text.datal    0x0000029a       0x16 _glcd.o
                0x0000029a                datal
 .text.datar    0x000002b0       0x16 _glcd.o
                0x000002b0                datar
 .text.dataa    0x000002c6       0x16 _glcd.o
                0x000002c6                dataa
 .text.lcd_clear
                0x000002dc       0x24 _glcd.o
                0x000002dc                lcd_clear
 .text.lcd_init
                0x00000300       0x10 _glcd.o
                0x00000300                lcd_init
 .text.lcd_xy   0x00000310       0x30 _glcd.o
                0x00000310                lcd_xy
 .text.lcd_char
                0x00000340       0x4c _glcd.o
                0x00000340                lcd_char
 .text.lcd_string
                0x0000038c       0x38 _glcd.o
                0x0000038c                lcd_string
 .text.GLCD_Axis_xy
                0x000003c4       0x1a _glcd.o
                0x000003c4                GLCD_Axis_xy
 .text.GLCD_Dot
                0x000003de       0x88 _glcd.o
                0x000003de                GLCD_Dot
 .text.GLCD_Line
                0x00000466      0x112 _glcd.o
                0x00000466                GLCD_Line
 .text.GLCD_Rectangle
                0x00000578       0x3a _glcd.o
                0x00000578                GLCD_Rectangle
 .text.GLCD_Circle
                0x000005b2      0x118 _glcd.o
                0x000005b2                GLCD_Circle
 .text.GLCD_1DigitDecimal
                0x000006ca       0x20 _glcd.o
                0x000006ca                GLCD_1DigitDecimal
 .text.GLCD_4DigitDecimal
                0x000006ea       0x4c _glcd.o
                0x000006ea                GLCD_4DigitDecimal
 .text.init_devices
                0x00000736       0x12 _init.o
                0x00000736                init_devices
 .text.Interrupt_init
                0x00000748        0xe _interrupt.o
                0x00000748                Interrupt_init
 .text.Port_init
                0x00000756       0x1c _port.o
                0x00000756                Port_init
 .text.Timer2_init
                0x00000772       0x10 _timer2.o
                0x00000772                Timer2_init
 .text.__vector_10
                0x00000782       0x5c _timer2.o
                0x00000782                __vector_10
 .text.Uart1_init
                0x000007de       0x2a _uart.o
                0x000007de                Uart1_init
 .text.avr-libc.fplib
                0x00000808        0xa d:/lady bug/7.0/toolchain/avr8/avr8-gnu-toolchain/bin/../lib/gcc/avr/5.4.0/../../../../avr/lib/avr51\libm.a(addsf3.o)
                0x00000808                __subsf3
                0x0000080a                __addsf3
 .text.avr-libc.fplib
                0x00000812       0xc0 d:/lady bug/7.0/toolchain/avr8/avr8-gnu-toolchain/bin/../lib/gcc/avr/5.4.0/../../../../avr/lib/avr51\libm.a(addsf3x.o)
                0x0000082c                __addsf3x
 .text.avr-libc.fplib
                0x000008d2       0x58 d:/lady bug/7.0/toolchain/avr8/avr8-gnu-toolchain/bin/../lib/gcc/avr/5.4.0/../../../../avr/lib/avr51\libm.a(fixunssfsi.o)
                0x000008d2                __fixunssfsi
 .text.avr-libc.fplib
                0x0000092a       0x7a d:/lady bug/7.0/toolchain/avr8/avr8-gnu-toolchain/bin/../lib/gcc/avr/5.4.0/../../../../avr/lib/avr51\libm.a(floatsisf.o)
                0x0000092a                __floatunsisf
                0x0000092e                __floatsisf
 .text.avr-libc.fplib
                0x000009a4        0xc d:/lady bug/7.0/toolchain/avr8/avr8-gnu-toolchain/bin/../lib/gcc/avr/5.4.0/../../../../avr/lib/avr51\libm.a(fp_inf.o)
                0x000009a4                __fp_inf
 .text.avr-libc.fplib
                0x000009b0        0x6 d:/lady bug/7.0/toolchain/avr8/avr8-gnu-toolchain/bin/../lib/gcc/avr/5.4.0/../../../../avr/lib/avr51\libm.a(fp_nan.o)
                0x000009b0                __fp_nan
 .text.avr-libc.fplib
                0x000009b6        0xe d:/lady bug/7.0/toolchain/avr8/avr8-gnu-toolchain/bin/../lib/gcc/avr/5.4.0/../../../../avr/lib/avr51\libm.a(fp_pscA.o)
                0x000009b6                __fp_pscA
 .text.avr-libc.fplib
                0x000009c4        0xe d:/lady bug/7.0/toolchain/avr8/avr8-gnu-toolchain/bin/../lib/gcc/avr/5.4.0/../../../../avr/lib/avr51\libm.a(fp_pscB.o)
                0x000009c4                __fp_pscB
 .text.avr-libc.fplib
                0x000009d2       0x22 d:/lady bug/7.0/toolchain/avr8/avr8-gnu-toolchain/bin/../lib/gcc/avr/5.4.0/../../../../avr/lib/avr51\libm.a(fp_round.o)
                0x000009d2                __fp_round
 .text.avr-libc.fplib
                0x000009f4       0x44 d:/lady bug/7.0/toolchain/avr8/avr8-gnu-toolchain/bin/../lib/gcc/avr/5.4.0/../../../../avr/lib/avr51\libm.a(fp_split3.o)
                0x000009f4                __fp_split3
                0x00000a04                __fp_splitA
 .text.avr-libc.fplib
                0x00000a38        0xe d:/lady bug/7.0/toolchain/avr8/avr8-gnu-toolchain/bin/../lib/gcc/avr/5.4.0/../../../../avr/lib/avr51\libm.a(fp_zero.o)
                0x00000a38                __fp_zero
                0x00000a3a                __fp_szero
 .text.avr-libc.fplib
                0x00000a46       0x84 d:/lady bug/7.0/toolchain/avr8/avr8-gnu-toolchain/bin/../lib/gcc/avr/5.4.0/../../../../avr/lib/avr51\libm.a(sqrt.o)
                0x00000a4e                sqrtf
                0x00000a4e                sqrt
 .text.avr-libc.fplib
                0x00000aca       0x1c d:/lady bug/7.0/toolchain/avr8/avr8-gnu-toolchain/bin/../lib/gcc/avr/5.4.0/../../../../avr/lib/avr51\libm.a(fp_mpack.o)
                0x00000aca                __fp_mpack
                0x00000ace                __fp_mpack_finite
 .text.avr-libc.fplib
                0x00000ae6        0xe d:/lady bug/7.0/toolchain/avr8/avr8-gnu-toolchain/bin/../lib/gcc/avr/5.4.0/../../../../avr/lib/avr51\libm.a(fp_norm2.o)
                0x00000ae6                __fp_norm2
 .text.libgcc.div
                0x00000af4       0x18 d:/lady bug/7.0/toolchain/avr8/avr8-gnu-toolchain/bin/../lib/gcc/avr/5.4.0/avr51\libgcc.a(_udivmodqi4.o)
                0x00000af4                __udivmodqi4
 .text.libgcc.div
                0x00000b0c       0x28 d:/lady bug/7.0/toolchain/avr8/avr8-gnu-toolchain/bin/../lib/gcc/avr/5.4.0/avr51\libgcc.a(_udivmodhi4.o)
                0x00000b0c                __udivmodhi4
 .text.libgcc.div
                0x00000b34       0x26 d:/lady bug/7.0/toolchain/avr8/avr8-gnu-toolchain/bin/../lib/gcc/avr/5.4.0/avr51\libgcc.a(_divmodhi4.o)
                0x00000b34                _div
                0x00000b34                __divmodhi4
                0x00000b5a                . = ALIGN (0x2)
 *(.fini9)
 .fini9         0x00000b5a        0x0 d:/lady bug/7.0/toolchain/avr8/avr8-gnu-toolchain/bin/../lib/gcc/avr/5.4.0/avr51\libgcc.a(_exit.o)
                0x00000b5a                _exit
                0x00000b5a                exit
 *(.fini9)
 *(.fini8)
 *(.fini8)
 *(.fini7)
 *(.fini7)
 *(.fini6)
 *(.fini6)
 *(.fini5)
 *(.fini5)
 *(.fini4)
 *(.fini4)
 *(.fini3)
 *(.fini3)
 *(.fini2)
 *(.fini2)
 *(.fini1)
 *(.fini1)
 *(.fini0)
 .fini0         0x00000b5a        0x4 d:/lady bug/7.0/toolchain/avr8/avr8-gnu-toolchain/bin/../lib/gcc/avr/5.4.0/avr51\libgcc.a(_exit.o)
 *(.fini0)
                0x00000b5e                _etext = .

.data           0x00800100      0x232 load address 0x00000b5e
                0x00800100                PROVIDE (__data_start, .)
 *(.data)
 *(.data*)
 .data.Dis_Scr  0x00800100       0x15 main_graphics.o
                0x00800100                Dis_Scr
 .data.Dis_Scr_IO_ON1
                0x00800115        0x2 main_graphics.o
                0x00800115                Dis_Scr_IO_ON1
 .data.font     0x00800117      0x1db _glcd.o
                0x00800117                font
 .data.Time_Of_Timer2
                0x008002f2        0x2 _timer2.o
                0x008002f2                Time_Of_Timer2
 *(.gnu.linkonce.d*)
 *(.rodata)
 *(.rodata*)
 .rodata.str1.1
                0x008002f4       0x3d main_graphics.o
 *(.gnu.linkonce.r*)
                0x00800332                . = ALIGN (0x2)
 *fill*         0x00800331        0x1 
                0x00800332                _edata = .
                0x00800332                PROVIDE (__data_end, .)

.bss            0x00800332      0x40c
                0x00800332                PROVIDE (__bss_start, .)
 *(.bss)
 *(.bss*)
 .bss.i         0x00800332        0x2 main_interrupt.o
                0x00800332                i
 .bss.Task1_Of_Timer2
                0x00800334        0x2 _timer2.o
                0x00800334                Task1_Of_Timer2
 .bss.Count_Of_Timer2
                0x00800336        0x2 _timer2.o
                0x00800336                Count_Of_Timer2
 *(COMMON)
 COMMON         0x00800338      0x404 _glcd.o
                0x00800338                xchar
                0x00800339                d
                0x0080033b                ScreenBuffer
                0x0080073b                ychar
 COMMON         0x0080073c        0x2 _uart.o
                0x0080073c                ubrr
                0x0080073e                PROVIDE (__bss_end, .)
                0x00000b5e                __data_load_start = LOADADDR (.data)
                0x00000d90                __data_load_end = (__data_load_start + SIZEOF (.data))

.noinit         0x0080073e        0x0
                [!provide]                PROVIDE (__noinit_start, .)
 *(.noinit*)
                [!provide]                PROVIDE (__noinit_end, .)
                0x0080073e                _end = .
                [!provide]                PROVIDE (__heap_start, .)

.eeprom         0x00810000        0x3
 *(.eeprom*)
 .eeprom        0x00810000        0x2 main_memory.o
                0x00810000                lookup_p
 .eeprom        0x00810002        0x1 Template.o
                0x00810002                myVar
                0x00810003                __eeprom_end = .

.fuse
 *(.fuse)
 *(.lfuse)
 *(.hfuse)
 *(.efuse)

.lock
 *(.lock*)

.signature
 *(.signature*)

.user_signatures
 *(.user_signatures*)

.stab
 *(.stab)

.stabstr
 *(.stabstr)

.stab.excl
 *(.stab.excl)

.stab.exclstr
 *(.stab.exclstr)

.stab.index
 *(.stab.index)

.stab.indexstr
 *(.stab.indexstr)

.comment        0x00000000       0x30
 *(.comment)
 .comment       0x00000000       0x30 Main.o
                                 0x31 (size before relaxing)
 .comment       0x00000030       0x31 main_graphics.o
 .comment       0x00000030       0x31 main_interrupt.o
 .comment       0x00000030       0x31 main_memory.o
 .comment       0x00000030       0x31 Template.o
 .comment       0x00000030       0x31 _adc.o
 .comment       0x00000030       0x31 _buzzer.o
 .comment       0x00000030       0x31 _glcd.o
 .comment       0x00000030       0x31 _init.o
 .comment       0x00000030       0x31 _interrupt.o
 .comment       0x00000030       0x31 _port.o
 .comment       0x00000030       0x31 _timer2.o
 .comment       0x00000030       0x31 _uart.o

.note.gnu.avr.deviceinfo
                0x00000000       0x3c
 .note.gnu.avr.deviceinfo
                0x00000000       0x3c D:/Lady Bug/7.0/Packs/Atmel/ATmega_DFP/2.0.401/gcc/dev/atmega128/avr51/crtatmega128.o

.note.gnu.build-id
 *(.note.gnu.build-id)

.debug
 *(.debug)

.line
 *(.line)

.debug_srcinfo
 *(.debug_srcinfo)

.debug_sfnames
 *(.debug_sfnames)

.debug_aranges
 *(.debug_aranges)

.debug_pubnames
 *(.debug_pubnames)

.debug_info     0x00000000      0x780
 *(.debug_info .gnu.linkonce.wi.*)
 .debug_info    0x00000000      0x780 D:/Lady Bug/7.0/Packs/Atmel/ATmega_DFP/2.0.401/gcc/dev/atmega128/avr51/crtatmega128.o

.debug_abbrev   0x00000000      0x718
 *(.debug_abbrev)
 .debug_abbrev  0x00000000      0x718 D:/Lady Bug/7.0/Packs/Atmel/ATmega_DFP/2.0.401/gcc/dev/atmega128/avr51/crtatmega128.o

.debug_line     0x00000000      0x16a
 *(.debug_line .debug_line.* .debug_line_end)
 .debug_line    0x00000000      0x16a D:/Lady Bug/7.0/Packs/Atmel/ATmega_DFP/2.0.401/gcc/dev/atmega128/avr51/crtatmega128.o

.debug_frame
 *(.debug_frame)

.debug_str      0x00000000      0x27d
 *(.debug_str)
 .debug_str     0x00000000      0x27d D:/Lady Bug/7.0/Packs/Atmel/ATmega_DFP/2.0.401/gcc/dev/atmega128/avr51/crtatmega128.o

.debug_loc
 *(.debug_loc)

.debug_macinfo
 *(.debug_macinfo)

.debug_weaknames
 *(.debug_weaknames)

.debug_funcnames
 *(.debug_funcnames)

.debug_typenames
 *(.debug_typenames)

.debug_varnames
 *(.debug_varnames)

.debug_pubtypes
 *(.debug_pubtypes)

.debug_ranges
 *(.debug_ranges)

.debug_macro
 *(.debug_macro)
OUTPUT(Main.elf elf32-avr)
LOAD linker stubs
